// Vitest Snapshot v1, https://vitest.dev/guide/snapshot.html

exports[`repeated background terminal polling > uses only the live activity tail while polling > tail-only background terminal polling 1`] = `
{
  "completionCells": [
    {
      "background": null,
      "bold": false,
      "dim": true,
      "foreground": null,
      "italic": false,
      "text": "•",
      "x": 0,
      "y": 15,
    },
    {
      "background": null,
      "bold": true,
      "dim": true,
      "foreground": null,
      "italic": false,
      "text": "B",
      "x": 2,
      "y": 15,
    },
    {
      "background": null,
      "bold": true,
      "dim": true,
      "foreground": null,
      "italic": false,
      "text": "a",
      "x": 3,
      "y": 15,
    },
    {
      "background": null,
      "bold": true,
      "dim": true,
      "foreground": null,
      "italic": false,
      "text": "c",
      "x": 4,
      "y": 15,
    },
    {
      "background": null,
      "bold": true,
      "dim": true,
      "foreground": null,
      "italic": false,
      "text": "k",
      "x": 5,
      "y": 15,
    },
    {
      "background": null,
      "bold": true,
      "dim": true,
      "foreground": null,
      "italic": false,
      "text": "g",
      "x": 6,
      "y": 15,
    },
    {
      "background": null,
      "bold": true,
      "dim": true,
      "foreground": null,
      "italic": false,
      "text": "r",
      "x": 7,
      "y": 15,
    },
    {
      "background": null,
      "bold": true,
      "dim": true,
      "foreground": null,
      "italic": false,
      "text": "o",
      "x": 8,
      "y": 15,
    },
    {
      "background": null,
      "bold": true,
      "dim": true,
      "foreground": null,
      "italic": false,
      "text": "u",
      "x": 9,
      "y": 15,
    },
    {
      "background": null,
      "bold": true,
      "dim": true,
      "foreground": null,
      "italic": false,
      "text": "n",
      "x": 10,
      "y": 15,
    },
    {
      "background": null,
      "bold": true,
      "dim": true,
      "foreground": null,
      "italic": false,
      "text": "d",
      "x": 11,
      "y": 15,
    },
    {
      "background": null,
      "bold": true,
      "dim": true,
      "foreground": null,
      "italic": false,
      "text": "t",
      "x": 13,
      "y": 15,
    },
    {
      "background": null,
      "bold": true,
      "dim": true,
      "foreground": null,
      "italic": false,
      "text": "e",
      "x": 14,
      "y": 15,
    },
    {
      "background": null,
      "bold": true,
      "dim": true,
      "foreground": null,
      "italic": false,
      "text": "r",
      "x": 15,
      "y": 15,
    },
    {
      "background": null,
      "bold": true,
      "dim": true,
      "foreground": null,
      "italic": false,
      "text": "m",
      "x": 16,
      "y": 15,
    },
    {
      "background": null,
      "bold": true,
      "dim": true,
      "foreground": null,
      "italic": false,
      "text": "i",
      "x": 17,
      "y": 15,
    },
    {
      "background": null,
      "bold": true,
      "dim": true,
      "foreground": null,
      "italic": false,
      "text": "n",
      "x": 18,
      "y": 15,
    },
    {
      "background": null,
      "bold": true,
      "dim": true,
      "foreground": null,
      "italic": false,
      "text": "a",
      "x": 19,
      "y": 15,
    },
    {
      "background": null,
      "bold": true,
      "dim": true,
      "foreground": null,
      "italic": false,
      "text": "l",
      "x": 20,
      "y": 15,
    },
    {
      "background": null,
      "bold": true,
      "dim": true,
      "foreground": null,
      "italic": false,
      "text": "c",
      "x": 22,
      "y": 15,
    },
    {
      "background": null,
      "bold": true,
      "dim": true,
      "foreground": null,
      "italic": false,
      "text": "o",
      "x": 23,
      "y": 15,
    },
    {
      "background": null,
      "bold": true,
      "dim": true,
      "foreground": null,
      "italic": false,
      "text": "m",
      "x": 24,
      "y": 15,
    },
    {
      "background": null,
      "bold": true,
      "dim": true,
      "foreground": null,
      "italic": false,
      "text": "p",
      "x": 25,
      "y": 15,
    },
    {
      "background": null,
      "bold": true,
      "dim": true,
      "foreground": null,
      "italic": false,
      "text": "l",
      "x": 26,
      "y": 15,
    },
    {
      "background": null,
      "bold": true,
      "dim": true,
      "foreground": null,
      "italic": false,
      "text": "e",
      "x": 27,
      "y": 15,
    },
    {
      "background": null,
      "bold": true,
      "dim": true,
      "foreground": null,
      "italic": false,
      "text": "t",
      "x": 28,
      "y": 15,
    },
    {
      "background": null,
      "bold": true,
      "dim": true,
      "foreground": null,
      "italic": false,
      "text": "e",
      "x": 29,
      "y": 15,
    },
    {
      "background": null,
      "bold": true,
      "dim": true,
      "foreground": null,
      "italic": false,
      "text": "d",
      "x": 30,
      "y": 15,
    },
    {
      "background": null,
      "bold": false,
      "dim": false,
      "foreground": null,
      "italic": false,
      "text": "·",
      "x": 32,
      "y": 15,
    },
    {
      "background": null,
      "bold": false,
      "dim": false,
      "foreground": null,
      "italic": false,
      "text": "r",
      "x": 34,
      "y": 15,
    },
    {
      "background": null,
      "bold": false,
      "dim": false,
      "foreground": null,
      "italic": false,
      "text": "e",
      "x": 35,
      "y": 15,
    },
    {
      "background": null,
      "bold": false,
      "dim": false,
      "foreground": null,
      "italic": false,
      "text": "a",
      "x": 36,
      "y": 15,
    },
    {
      "background": null,
      "bold": false,
      "dim": false,
      "foreground": null,
      "italic": false,
      "text": "d",
      "x": 37,
      "y": 15,
    },
    {
      "background": null,
      "bold": false,
      "dim": false,
      "foreground": null,
      "italic": false,
      "text": "-",
      "x": 39,
      "y": 15,
    },
    {
      "background": null,
      "bold": false,
      "dim": false,
      "foreground": null,
      "italic": false,
      "text": "r",
      "x": 40,
      "y": 15,
    },
    {
      "background": null,
      "bold": false,
      "dim": false,
      "foreground": null,
      "italic": false,
      "text": "_",
      "x": 42,
      "y": 15,
    },
    {
      "background": null,
      "bold": false,
      "dim": false,
      "foreground": null,
      "italic": false,
      "text": "<",
      "x": 44,
      "y": 15,
    },
    {
      "background": null,
      "bold": false,
      "dim": false,
      "foreground": null,
      "italic": false,
      "text": ".",
      "x": 46,
      "y": 15,
    },
    {
      "background": null,
      "bold": false,
      "dim": false,
      "foreground": null,
      "italic": false,
      "text": "p",
      "x": 47,
      "y": 15,
    },
    {
      "background": null,
      "bold": false,
      "dim": false,
      "foreground": null,
      "italic": false,
      "text": "o",
      "x": 48,
      "y": 15,
    },
    {
      "background": null,
      "bold": false,
      "dim": false,
      "foreground": null,
      "italic": false,
      "text": "l",
      "x": 49,
      "y": 15,
    },
    {
      "background": null,
      "bold": false,
      "dim": false,
      "foreground": null,
      "italic": false,
      "text": "l",
      "x": 50,
      "y": 15,
    },
    {
      "background": null,
      "bold": false,
      "dim": false,
      "foreground": null,
      "italic": false,
      "text": "-",
      "x": 51,
      "y": 15,
    },
    {
      "background": null,
      "bold": false,
      "dim": false,
      "foreground": null,
      "italic": false,
      "text": "r",
      "x": 52,
      "y": 15,
    },
    {
      "background": null,
      "bold": false,
      "dim": false,
      "foreground": null,
      "italic": false,
      "text": "e",
      "x": 53,
      "y": 15,
    },
    {
      "background": null,
      "bold": false,
      "dim": false,
      "foreground": null,
      "italic": false,
      "text": "l",
      "x": 54,
      "y": 15,
    },
    {
      "background": null,
      "bold": false,
      "dim": false,
      "foreground": null,
      "italic": false,
      "text": "e",
      "x": 55,
      "y": 15,
    },
    {
      "background": null,
      "bold": false,
      "dim": false,
      "foreground": null,
      "italic": false,
      "text": "a",
      "x": 56,
      "y": 15,
    },
    {
      "background": null,
      "bold": false,
      "dim": false,
      "foreground": null,
      "italic": false,
      "text": "s",
      "x": 57,
      "y": 15,
    },
    {
      "background": null,
      "bold": false,
      "dim": false,
      "foreground": null,
      "italic": false,
      "text": "e",
      "x": 58,
      "y": 15,
    },
    {
      "background": null,
      "bold": false,
      "dim": false,
      "foreground": null,
      "italic": false,
      "text": ";",
      "x": 59,
      "y": 15,
    },
    {
      "background": null,
      "bold": false,
      "dim": false,
      "foreground": null,
      "italic": false,
      "text": "r",
      "x": 61,
      "y": 15,
    },
    {
      "background": null,
      "bold": false,
      "dim": false,
      "foreground": null,
      "italic": false,
      "text": "m",
      "x": 62,
      "y": 15,
    },
    {
      "background": null,
      "bold": false,
      "dim": false,
      "foreground": null,
      "italic": false,
      "text": ".",
      "x": 64,
      "y": 15,
    },
    {
      "background": null,
      "bold": false,
      "dim": false,
      "foreground": null,
      "italic": false,
      "text": "p",
      "x": 65,
      "y": 15,
    },
    {
      "background": null,
      "bold": false,
      "dim": false,
      "foreground": null,
      "italic": false,
      "text": "o",
      "x": 66,
      "y": 15,
    },
    {
      "background": null,
      "bold": false,
      "dim": false,
      "foreground": null,
      "italic": false,
      "text": "l",
      "x": 67,
      "y": 15,
    },
    {
      "background": null,
      "bold": false,
      "dim": false,
      "foreground": null,
      "italic": false,
      "text": "l",
      "x": 68,
      "y": 15,
    },
    {
      "background": null,
      "bold": false,
      "dim": false,
      "foreground": null,
      "italic": false,
      "text": "-",
      "x": 69,
      "y": 15,
    },
    {
      "background": null,
      "bold": false,
      "dim": false,
      "foreground": null,
      "italic": false,
      "text": "r",
      "x": 70,
      "y": 15,
    },
    {
      "background": null,
      "bold": false,
      "dim": false,
      "foreground": null,
      "italic": false,
      "text": "e",
      "x": 71,
      "y": 15,
    },
    {
      "background": null,
      "bold": false,
      "dim": false,
      "foreground": null,
      "italic": false,
      "text": "l",
      "x": 72,
      "y": 15,
    },
    {
      "background": null,
      "bold": false,
      "dim": false,
      "foreground": null,
      "italic": false,
      "text": "e",
      "x": 73,
      "y": 15,
    },
    {
      "background": null,
      "bold": false,
      "dim": false,
      "foreground": null,
      "italic": false,
      "text": "a",
      "x": 74,
      "y": 15,
    },
    {
      "background": null,
      "bold": false,
      "dim": false,
      "foreground": null,
      "italic": false,
      "text": "s",
      "x": 75,
      "y": 15,
    },
    {
      "background": null,
      "bold": false,
      "dim": false,
      "foreground": null,
      "italic": false,
      "text": "e",
      "x": 76,
      "y": 15,
    },
    {
      "background": null,
      "bold": false,
      "dim": false,
      "foreground": null,
      "italic": false,
      "text": ";",
      "x": 77,
      "y": 15,
    },
    {
      "background": null,
      "bold": false,
      "dim": false,
      "foreground": null,
      "italic": false,
      "text": "p",
      "x": 79,
      "y": 15,
    },
    {
      "background": null,
      "bold": false,
      "dim": false,
      "foreground": null,
      "italic": false,
      "text": "r",
      "x": 80,
      "y": 15,
    },
    {
      "background": null,
      "bold": false,
      "dim": false,
      "foreground": null,
      "italic": false,
      "text": "i",
      "x": 81,
      "y": 15,
    },
    {
      "background": null,
      "bold": false,
      "dim": false,
      "foreground": null,
      "italic": false,
      "text": "n",
      "x": 82,
      "y": 15,
    },
    {
      "background": null,
      "bold": false,
      "dim": false,
      "foreground": null,
      "italic": false,
      "text": "t",
      "x": 83,
      "y": 15,
    },
    {
      "background": null,
      "bold": false,
      "dim": false,
      "foreground": null,
      "italic": false,
      "text": "f",
      "x": 84,
      "y": 15,
    },
    {
      "background": null,
      "bold": false,
      "dim": false,
      "foreground": null,
      "italic": false,
      "text": "'",
      "x": 86,
      "y": 15,
    },
    {
      "background": null,
      "bold": false,
      "dim": false,
      "foreground": null,
      "italic": false,
      "text": "P",
      "x": 87,
      "y": 15,
    },
    {
      "background": null,
      "bold": false,
      "dim": false,
      "foreground": null,
      "italic": false,
      "text": "O",
      "x": 88,
      "y": 15,
    },
    {
      "background": null,
      "bold": false,
      "dim": false,
      "foreground": null,
      "italic": false,
      "text": "L",
      "x": 89,
      "y": 15,
    },
    {
      "background": null,
      "bold": false,
      "dim": false,
      "foreground": null,
      "italic": false,
      "text": "L",
      "x": 90,
      "y": 15,
    },
    {
      "background": null,
      "bold": false,
      "dim": false,
      "foreground": null,
      "italic": false,
      "text": "I",
      "x": 91,
      "y": 15,
    },
  ],
  "rows": [
    "• Background terminal completed · read -r _ < .poll-release; rm .poll-release; printf 'POLLI",
    "",
    "────────────────────────────────────────────────────────────────────────────────────────────",
    "",
    "• BACKGROUND_POLLING_DONE",
    "",
    "",
    "› Ask Rig to do anything",
    "",
    "  gym off · /workspace · main [default] · full access",
    "",
    "",
    "",
  ],
}
`;
